﻿[dotenv@17.3.1] injecting env (4) from .env -- tip: ΓÜÖ∩╕Å  enable debug logging with { debug: true }
Testing with 3 keys...

--- Testing Key: ...pcJFw ---
Trying gemini-2.0-flash...
Trying gemini-1.5-flash...
node : FAILED on gemini-2.0-flash: 429 - 
{"error":{"code":429,"message":"You exceeded your 
current quota, please check your plan and billing 
details. For more information on this error, head to: 
https://ai.google.dev/gemini-api/docs/rate-limits. To 
monitor your current usage, head to: 
https://ai.dev/rate-limit. \n* Quota exceeded for 
metric: generativelanguage.googleapis.com/generate_con
tent_free_tier_input_token_count, limit: 0, model: 
gemini-2.0-flash\n* Quota exceeded for metric: generat
ivelanguage.googleapis.com/generate_content_free_tier_
requests, limit: 0, model: gemini-2.0-flash\n* Quota 
exceeded for metric: generativelanguage.googleapis.com
/generate_content_free_tier_requests, limit: 0, 
model: gemini-2.0-flash\nPlease retry in 21.238756014s
.","status":"RESOURCE_EXHAUSTED","details":[{"@type":"
type.googleapis.com/google.rpc.Help","links":[{"descri
ption":"Learn more about Gemini API quotas","url":"htt
ps://ai.google.dev/gemini-api/docs/rate-limits"}]},{"@
type":"type.googleapis.com/google.rpc.QuotaFailure","v
iolations":[{"quotaMetric":"generativelanguage.googlea
pis.com/generate_content_free_tier_input_token_count",
"quotaId":"GenerateContentInputTokensPerModelPerMinute
-FreeTier","quotaDimensions":{"location":"global","mod
el":"gemini-2.0-flash"}},{"quotaMetric":"generativelan
guage.googleapis.com/generate_content_free_tier_reques
ts","quotaId":"GenerateRequestsPerMinutePerProjectPerM
odel-FreeTier","quotaDimensions":{"location":"global",
"model":"gemini-2.0-flash"}},{"quotaMetric":"generativ
elanguage.googleapis.com/generate_content_free_tier_re
quests","quotaId":"GenerateRequestsPerDayPerProjectPer
Model-FreeTier","quotaDimensions":{"location":"global"
,"model":"gemini-2.0-flash"}}]},{"@type":"type.googlea
pis.com/google.rpc.RetryInfo","retryDelay":"21s"}]}}
At line:1 char:1
+ node test-gemini.js > test.log 2>&1
+ ~~~~~~~~~~~~~~~~~~~~~~~~~~~~~~~~~~~
    + CategoryInfo          : NotSpecified: (FAILED o 
   n gemin...elay":"21s"}]}}:String) [], RemoteExcep  
  tion
    + FullyQualifiedErrorId : NativeCommandError
 
FAILED on gemini-1.5-flash: 404 - {"error":{"code":404
,"message":"models/gemini-1.5-flash is not found for 
API version v1beta, or is not supported for 
generateContent. Call ListModels to see the list of 
available models and their supported 
methods.","status":"NOT_FOUND"}}
Trying gemini-1.5-flash-8b...
FAILED on gemini-1.5-flash-8b: 404 - {"error":{"code":
404,"message":"models/gemini-1.5-flash-8b is not 
found for API version v1beta, or is not supported for 
generateContent. Call ListModels to see the list of 
available models and their supported 
methods.","status":"NOT_FOUND"}}

--- Testing Key: ...1_WP0 ---
Trying gemini-2.0-flash...
Trying gemini-1.5-flash...
FAILED on gemini-2.0-flash: 429 - 
{"error":{"code":429,"message":"You exceeded your 
current quota, please check your plan and billing 
details. For more information on this error, head to: 
https://ai.google.dev/gemini-api/docs/rate-limits. To 
monitor your current usage, head to: 
https://ai.dev/rate-limit. \n* Quota exceeded for 
metric: generativelanguage.googleapis.com/generate_con
tent_free_tier_input_token_count, limit: 0, model: 
gemini-2.0-flash\n* Quota exceeded for metric: generat
ivelanguage.googleapis.com/generate_content_free_tier_
requests, limit: 0, model: gemini-2.0-flash\n* Quota 
exceeded for metric: generativelanguage.googleapis.com
/generate_content_free_tier_requests, limit: 0, 
model: gemini-2.0-flash\nPlease retry in 20.500695604s
.","status":"RESOURCE_EXHAUSTED","details":[{"@type":"
type.googleapis.com/google.rpc.Help","links":[{"descri
ption":"Learn more about Gemini API quotas","url":"htt
ps://ai.google.dev/gemini-api/docs/rate-limits"}]},{"@
type":"type.googleapis.com/google.rpc.QuotaFailure","v
iolations":[{"quotaMetric":"generativelanguage.googlea
pis.com/generate_content_free_tier_input_token_count",
"quotaId":"GenerateContentInputTokensPerModelPerMinute
-FreeTier","quotaDimensions":{"location":"global","mod
el":"gemini-2.0-flash"}},{"quotaMetric":"generativelan
guage.googleapis.com/generate_content_free_tier_reques
ts","quotaId":"GenerateRequestsPerMinutePerProjectPerM
odel-FreeTier","quotaDimensions":{"location":"global",
"model":"gemini-2.0-flash"}},{"quotaMetric":"generativ
elanguage.googleapis.com/generate_content_free_tier_re
quests","quotaId":"GenerateRequestsPerDayPerProjectPer
Model-FreeTier","quotaDimensions":{"location":"global"
,"model":"gemini-2.0-flash"}}]},{"@type":"type.googlea
pis.com/google.rpc.RetryInfo","retryDelay":"20s"}]}}
FAILED on gemini-1.5-flash: 404 - {"error":{"code":404
,"message":"models/gemini-1.5-flash is not found for 
API version v1beta, or is not supported for 
generateContent. Call ListModels to see the list of 
available models and their supported 
methods.","status":"NOT_FOUND"}}
Trying gemini-1.5-flash-8b...
FAILED on gemini-1.5-flash-8b: 404 - {"error":{"code":
404,"message":"models/gemini-1.5-flash-8b is not 
found for API version v1beta, or is not supported for 
generateContent. Call ListModels to see the list of 
available models and their supported 
methods.","status":"NOT_FOUND"}}

--- Testing Key: ...3kH4U ---
Trying gemini-2.0-flash...
FAILED on gemini-2.0-flash: 429 - 
{"error":{"code":429,"message":"You exceeded your 
current quota, please check your plan and billing 
details. For more information on this error, head to: 
https://ai.google.dev/gemini-api/docs/rate-limits. To 
monitor your current usage, head to: 
https://ai.dev/rate-limit. \n* Quota exceeded for 
metric: generativelanguage.googleapis.com/generate_con
tent_free_tier_requests, limit: 0, model: 
gemini-2.0-flash\n* Quota exceeded for metric: generat
ivelanguage.googleapis.com/generate_content_free_tier_
requests, limit: 0, model: gemini-2.0-flash\n* Quota 
exceeded for metric: generativelanguage.googleapis.com
/generate_content_free_tier_input_token_count, limit: 
0, model: gemini-2.0-flash\nPlease retry in 19.9413943
39s.","status":"RESOURCE_EXHAUSTED","details":[{"@type
":"type.googleapis.com/google.rpc.Help","links":[{"des
cription":"Learn more about Gemini API quotas","url":"
https://ai.google.dev/gemini-api/docs/rate-limits"}]},
{"@type":"type.googleapis.com/google.rpc.QuotaFailure"
,"violations":[{"quotaMetric":"generativelanguage.goog
leapis.com/generate_content_free_tier_requests","quota
Id":"GenerateRequestsPerDayPerProjectPerModel-FreeTier
","quotaDimensions":{"location":"global","model":"gemi
ni-2.0-flash"}},{"quotaMetric":"generativelanguage.goo
gleapis.com/generate_content_free_tier_requests","quot
aId":"GenerateRequestsPerMinutePerProjectPerModel-Free
Tier","quotaDimensions":{"location":"global","model":"
gemini-2.0-flash"}},{"quotaMetric":"generativelanguage
.googleapis.com/generate_content_free_tier_input_token
_count","quotaId":"GenerateContentInputTokensPerModelP
erMinute-FreeTier","quotaDimensions":{"model":"gemini-
2.0-flash","location":"global"}}]},{"@type":"type.goog
leapis.com/google.rpc.RetryInfo","retryDelay":"19s"}]}
}
Trying gemini-1.5-flash...
FAILED on gemini-1.5-flash: 404 - {"error":{"code":404
,"message":"models/gemini-1.5-flash is not found for 
API version v1beta, or is not supported for 
generateContent. Call ListModels to see the list of 
available models and their supported 
methods.","status":"NOT_FOUND"}}
Trying gemini-1.5-flash-8b...
FAILED on gemini-1.5-flash-8b: 404 - {"error":{"code":
404,"message":"models/gemini-1.5-flash-8b is not 
found for API version v1beta, or is not supported for 
generateContent. Call ListModels to see the list of 
available models and their supported 
methods.","status":"NOT_FOUND"}}
